2024-01-05 15:23:12 [Test worker] ERROR clevertec.bank.service.impl.UserServiceImpl - Invalid user data
2024-01-05 15:23:12 [Test worker] ERROR clevertec.bank.service.impl.UserServiceImpl - Invalid user data
